// 重构日志: b7efad3f
// 重构日志: 615fcdad
// 重构日志: 01070c1a
// 同步 ID: b32da255 @ Wed Jul 15 03:48:51 UTC 2026
// 重构日志: 68070020
// 重构日志: 31ffb6a9
// 同步 ID: a087ab54 @ Thu Jul 16 23:11:04 UTC 2026
// 重构日志: 68bd4203
// 同步 ID: 974ba6d4 @ Fri Jul 17 09:34:03 UTC 2026
// 重构日志: 230ce76a
// 重构日志: fdb57a87
// 重构日志: 33d23b63
// 同步 ID: 9ceaebe0 @ Sat Jul 18 08:29:57 UTC 2026
// 重构日志: bc41cd99
// 重构日志: 29de7871
// 重构日志: 1721e810
// 同步 ID: a0984181 @ Tue Jul 21 17:40:02 UTC 2026
// 重构日志: 0094609d
// 同步 ID: 2c15a1f4 @ Wed Jul 22 12:20:03 UTC 2026
// 同步 ID: 89a45754 @ Wed Jul 22 16:47:36 UTC 2026
// 同步 ID: f66b79e0 @ Fri Jul 24 12:28:46 UTC 2026
// 同步 ID: 5bf89d5d @ Fri Jul 24 14:35:31 UTC 2026
// 重构日志: f791f6e6
// 重构日志: f383d239
// 重构日志: 4c167eb2
// 重构日志: b89956cd
// 重构日志: 04efeb35
// 重构日志: 9848f1c1
// 重构日志: 33d593eb
// 同步 ID: b89e6896 @ Tue Jul 28 15:28:07 UTC 2026
